step=job_started timestamp_utc=2026-05-12T17:17:39Z
job_id=13708781
job_name=bsm-gpu-debug-probe
partition=debug-gpu
account=bsm
node=x3100c0s13b0n0
nodelist=x3100c0s13b0n0
gpus_requested=1
gpus_on_node=1
cuda_visible_devices=0
cpus_per_task=16
cpus_on_node=16
mem_per_node=65536
tmpdir=/tmp/scratch/13708781
submit_dir=/home/dhetting/src/bsm-public-rf/scripts

step=scontrol_show_job
JobId=13708781 JobName=bsm-gpu-debug-probe
   UserId=dhetting(120225) GroupId=dhetting(120225) MCS_label=N/A
   Priority=264542457 Nice=0 Account=bsm QOS=normal
   JobState=RUNNING Reason=None Dependency=(null)
   Requeue=0 Restarts=0 BatchFlag=1 Reboot=0 ExitCode=0:0
   RunTime=00:00:03 TimeLimit=00:30:00 TimeMin=N/A
   SubmitTime=2026-05-10T20:00:50 EligibleTime=2026-05-10T20:00:50
   AccrueTime=2026-05-10T20:00:50
   StartTime=2026-05-12T11:17:36 EndTime=2026-05-12T11:47:38 Deadline=N/A
   SuspendTime=None SecsPreSuspend=0 LastSchedEval=2026-05-12T11:17:36 Scheduler=Main
   Partition=debug-gpu AllocNode:Sid=x3000c0s36b0n0-hsn0.hsn.cm.kestrel.hpc.nrel.gov:749330
   ReqNodeList=(null) ExcNodeList=(null)
   NodeList=x3100c0s13b0n0
   BatchHost=x3100c0s13b0n0
   NumNodes=1 NumCPUs=16 NumTasks=1 CPUs/Task=16 ReqB:S:C:T=0:0:*:*
   ReqTRES=cpu=16,mem=64G,node=1,billing=256,gres/gpu=1
   AllocTRES=cpu=16,mem=64G,node=1,billing=256,gres/gpu=1,gres/gpu:h100=1
   Socks/Node=* NtasksPerN:B:S:C=0:0:*:* CoreSpec=*
   MinCPUsNode=16 MinMemoryNode=64G MinTmpDiskNode=0
   Features=[hbw|not-hbw] DelayBoot=00:00:00
   OverSubscribe=OK Contiguous=0 Licenses=(null) LicensesAlloc=(null) Network=(null)
   Command=/home/dhetting/src/bsm-public-rf/scripts/artifacts/hpc_discovery/gpu_debug_probe_job.sbatch
   WorkDir=/home/dhetting/src/bsm-public-rf/scripts
   StdErr=/home/dhetting/src/bsm-public-rf/scripts/artifacts/hpc_discovery/gpu_debug_probe_13708781.err
   StdIn=/dev/null
   StdOut=/home/dhetting/src/bsm-public-rf/scripts/artifacts/hpc_discovery/gpu_debug_probe_13708781.out
   Switches=1@2-00:00:00
   TresPerJob=gres/gpu:1
   TresPerTask=cpu=16
   


step=host_topology
x3100c0s13b0n0
Linux x3100c0s13b0n0 4.18.0-477.10.1.el8_8.x86_64 #1 SMP Wed Apr 5 13:35:01 EDT 2023 x86_64 x86_64 x86_64 GNU/Linux
Red Hat Enterprise Linux release 8.8 (Ootpa)
Architecture:        x86_64
CPU op-mode(s):      32-bit, 64-bit
Byte Order:          Little Endian
CPU(s):              128
On-line CPU(s) list: 0-127
Thread(s) per core:  1
Core(s) per socket:  64
Socket(s):           2
NUMA node(s):        4
Vendor ID:           AuthenticAMD
CPU family:          25
Model:               17
Model name:          AMD EPYC 9554 64-Core Processor
Stepping:            1
CPU MHz:             3100.000
CPU max MHz:         3762.9880
CPU min MHz:         1500.0000
BogoMIPS:            6190.56
Virtualization:      AMD-V
L1d cache:           32K
L1i cache:           32K
L2 cache:            1024K
L3 cache:            32768K
NUMA node0 CPU(s):   0-31
NUMA node1 CPU(s):   32-63
NUMA node2 CPU(s):   64-95
NUMA node3 CPU(s):   96-127
Flags:               fpu vme de pse tsc msr pae mce cx8 apic sep mtrr pge mca cmov pat pse36 clflush mmx fxsr sse sse2 ht syscall nx mmxext fxsr_opt pdpe1gb rdtscp lm constant_tsc rep_good nopl nonstop_tsc cpuid extd_apicid aperfmperf pni pclmulqdq monitor ssse3 fma cx16 pcid sse4_1 sse4_2 x2apic movbe popcnt aes xsave avx f16c rdrand lahf_lm cmp_legacy svm extapic cr8_legacy abm sse4a misalignsse 3dnowprefetch osvw ibs skinit wdt tce topoext perfctr_core perfctr_nb bpext perfctr_llc mwaitx cpb cat_l3 cdp_l3 invpcid_single hw_pstate ssbd mba perfmon_v2 ibrs ibpb stibp vmmcall fsgsbase bmi1 avx2 smep bmi2 erms invpcid cqm rdt_a avx512f avx512dq rdseed adx smap avx512ifma clflushopt clwb avx512cd sha_ni avx512bw avx512vl xsaveopt xsavec xgetbv1 xsaves cqm_llc cqm_occup_llc cqm_mbm_total cqm_mbm_local avx512_bf16 clzero irperf xsaveerptr wbnoinvd amd_ppin cppc arat npt lbrv svm_lock nrip_save tsc_scale vmcb_clean flushbyasid decodeassists pausefilter pfthreshold avic v_vmsave_vmload vgif v_spec_ctrl avx512vbmi umip pku ospke avx512_vbmi2 gfni vaes vpclmulqdq avx512_vnni avx512_bitalg avx512_vpopcntdq la57 rdpid overflow_recov succor smca fsrm flush_l1d
available: 4 nodes (0-3)
node 0 cpus: 0 1 2 3 4 5 6 7 8 9 10 11 12 13 14 15 16 17 18 19 20 21 22 23 24 25 26 27 28 29 30 31
node 0 size: 386301 MB
node 0 free: 380456 MB
node 1 cpus: 32 33 34 35 36 37 38 39 40 41 42 43 44 45 46 47 48 49 50 51 52 53 54 55 56 57 58 59 60 61 62 63
node 1 size: 387063 MB
node 1 free: 380996 MB
node 2 cpus: 64 65 66 67 68 69 70 71 72 73 74 75 76 77 78 79 80 81 82 83 84 85 86 87 88 89 90 91 92 93 94 95
node 2 size: 387063 MB
node 2 free: 381324 MB
node 3 cpus: 96 97 98 99 100 101 102 103 104 105 106 107 108 109 110 111 112 113 114 115 116 117 118 119 120 121 122 123 124 125 126 127
node 3 size: 387015 MB
node 3 free: 381596 MB
node distances:
node   0   1   2   3 
  0:  10  12  32  32 
  1:  12  10  32  32 
  2:  32  32  10  12 
  3:  32  32  12  10 
              total        used        free      shared  buff/cache   available
Mem:          1.5Ti       8.4Gi       1.5Ti        11Gi        14Gi       1.5Ti
Swap:            0B          0B          0B

step=gpu_topology
Tue May 12 11:17:39 2026       
+-----------------------------------------------------------------------------------------+
| NVIDIA-SMI 550.54.15              Driver Version: 550.54.15      CUDA Version: 12.4     |
|-----------------------------------------+------------------------+----------------------+
| GPU  Name                 Persistence-M | Bus-Id          Disp.A | Volatile Uncorr. ECC |
| Fan  Temp   Perf          Pwr:Usage/Cap |           Memory-Usage | GPU-Util  Compute M. |
|                                         |                        |               MIG M. |
|=========================================+========================+======================|
|   0  NVIDIA H100 80GB HBM3          On  |   00000000:04:00.0 Off |                    0 |
| N/A   40C    P0             71W /  699W |       0MiB /  81559MiB |      0%      Default |
|                                         |                        |             Disabled |
+-----------------------------------------+------------------------+----------------------+
                                                                                         
+-----------------------------------------------------------------------------------------+
| Processes:                                                                              |
|  GPU   GI   CI        PID   Type   Process name                              GPU Memory |
|        ID   ID                                                               Usage      |
|=========================================================================================|
|  No running processes found                                                             |
+-----------------------------------------------------------------------------------------+

	[4mGPU0	CPU Affinity	NUMA Affinity	GPU NUMA ID[0m
GPU0	 X 		1		N/A

Legend:

  X    = Self
  SYS  = Connection traversing PCIe as well as the SMP interconnect between NUMA nodes (e.g., QPI/UPI)
  NODE = Connection traversing PCIe as well as the interconnect between PCIe Host Bridges within a NUMA node
  PHB  = Connection traversing PCIe as well as a PCIe Host Bridge (typically the CPU)
  PXB  = Connection traversing multiple PCIe bridges (without traversing the PCIe Host Bridge)
  PIX  = Connection traversing at most a single PCIe bridge
  NV#  = Connection traversing a bonded set of # NVLinks

index, name, uuid, pci.bus_id, memory.total [MiB], memory.used [MiB], driver_version, compute_cap
0, NVIDIA H100 80GB HBM3, GPU-5fbbf155-a789-b7a4-9b65-403ceff6358f, 00000000:04:00.0, 81559 MiB, 0 MiB, 550.54.15, 9.0

step=filesystem_probe
Filesystem                                   Type    Size  Used Avail Use% Mounted on
/dev/sda                                     ext4     14T   44K   14T   1% /tmp/scratch
2586@kfi,2650@kfi:2651@kfi,2696@kfi:/scratch lustre   31P   18P   13P  59% /kfs3
2202@kfi,2266@kfi:2203@kfi,2267@kfi:/project lustre   62P   48P   14P  78% /kfs2
2202@kfi,2266@kfi:2203@kfi,2267@kfi:/project lustre   62P   48P   14P  78% /kfs2
2586@kfi,2650@kfi:2651@kfi,2696@kfi:/scratch lustre   31P   18P   13P  59% /kfs3
Filesystem                                   Inodes IUsed IFree IUse% Mounted on
/dev/sda                                       447M    15  447M    1% /tmp/scratch
2586@kfi,2650@kfi:2651@kfi,2696@kfi:/scratch   8.0G  2.6G  5.5G   32% /kfs3
2202@kfi,2266@kfi:2203@kfi,2267@kfi:/project    16G  2.8G   14G   17% /kfs2
2202@kfi,2266@kfi:2203@kfi,2267@kfi:/project    16G  2.8G   14G   17% /kfs2
2586@kfi,2650@kfi:2651@kfi,2696@kfi:/scratch   8.0G  2.6G  5.5G   32% /kfs3
devtmpfs on /dev type devtmpfs (rw,nosuid,noexec,size=792272344k,nr_inodes=198068086,mode=755)
tmpfs on /dev/shm type tmpfs (rw,nosuid,nodev,noexec)
tmpfs on / type tmpfs (rw,relatime,mpol=interleave:0-3)
tmpfs on /run type tmpfs (rw,nosuid,nodev,mode=755)
tmpfs on /sys/fs/cgroup type tmpfs (ro,nosuid,nodev,noexec,mode=755)
tmpfs on /run/user/0 type tmpfs (rw,nosuid,nodev,relatime,size=158458344k,mode=700)
2202@kfi,2266@kfi:2203@kfi,2267@kfi:/project on /kfs2 type lustre (rw,checksum,flock,nouser_xattr,lruresize,lazystatfs,nouser_fid2path,verbose,encrypt)
2586@kfi,2650@kfi:2651@kfi,2696@kfi:/scratch on /kfs3 type lustre (rw,checksum,flock,nouser_xattr,lruresize,lazystatfs,nouser_fid2path,verbose,encrypt)
2138@kfi,2074@kfi:2139@kfi,2075@kfi:/kfs1/home on /home type lustre (rw,checksum,flock,nouser_xattr,lruresize,lazystatfs,nouser_fid2path,verbose,encrypt)
2138@kfi,2074@kfi:2139@kfi,2075@kfi:/kfs1/nopt on /nopt type lustre (rw,checksum,flock,nouser_xattr,lruresize,lazystatfs,nouser_fid2path,verbose,encrypt)
/dev/sda on /tmp/scratch type ext4 (rw,relatime,stripe=256)

step=python_gpu_import_probe

step=srun_gpu_visibility_probe
srun_host=x3100c0s13b0n0
srun_cuda_visible_devices=0
index, name, uuid, memory.total [MiB], memory.used [MiB]
0, NVIDIA H100 80GB HBM3, GPU-5fbbf155-a789-b7a4-9b65-403ceff6358f, 81559 MiB, 0 MiB

step=job_completed timestamp_utc=2026-05-12T17:17:41Z
