{
  "array_task_id": null,
  "chunk_shape": [
    200000,
    64
  ],
  "chunks": 20,
  "disk_free_bytes": 6026486005760,
  "disk_total_bytes": 6347481849856,
  "disk_used_bytes": 1024139264,
  "job_id": "13708727",
  "mean_checksum": 0.043029275313642756,
  "spill_dir": "/tmp/scratch/13708727/bsm_spill_probe/chunks_13708727_0",
  "spill_files": 20,
  "spill_total_bytes": 1024002560,
  "spill_write_seconds": 2.7598117999732494,
  "stream_read_seconds": 0.17862745298771188,
  "tmpdir": "/tmp/scratch/13708727/bsm_spill_probe/tmp"
}
{
  "results": [
    {
      "cols": 200,
      "compression": "zstd",
      "disk_free_bytes": 13903752625344512,
      "disk_total_bytes": 34068506950492160,
      "disk_used_bytes": 19821192788447232,
      "file_bytes": 231001371,
      "full_read_mib_per_s": 353.87979660539656,
      "full_read_seconds": 0.6225279789650813,
      "job_id": "13708727",
      "projected_read_apparent_mib_per_s": 2236.3271639989907,
      "projected_read_seconds": 0.09850977000314742,
      "projection_cols": 50,
      "row_group_size_rows": 200000,
      "row_groups": 1,
      "rows": 200000,
      "target_dir": "/scratch/dhetting/bsm_hpc_discovery/13708727/parquet_bench",
      "target_file": "/scratch/dhetting/bsm_hpc_discovery/13708727/parquet_bench/parquet_bench_13708727.parquet",
      "target_row_group_mib": 512,
      "write_mib_per_s": 90.92541460407014,
      "write_seconds": 2.4228657690109685
    },
    {
      "cols": 200,
      "compression": "zstd",
      "disk_free_bytes": 15397275337154560,
      "disk_total_bytes": 69058543165636608,
      "disk_used_bytes": 52964859466907648,
      "file_bytes": 231001371,
      "full_read_mib_per_s": 613.9385312572216,
      "full_read_seconds": 0.35883083299268037,
      "job_id": "13708727",
      "projected_read_apparent_mib_per_s": 2399.3211437902773,
      "projected_read_seconds": 0.0918176689883694,
      "projection_cols": 50,
      "row_group_size_rows": 200000,
      "row_groups": 1,
      "rows": 200000,
      "target_dir": "/projects/bsm/hpc_discovery/dhetting/13708727/parquet_bench",
      "target_file": "/projects/bsm/hpc_discovery/dhetting/13708727/parquet_bench/parquet_bench_13708727.parquet",
      "target_row_group_mib": 512,
      "write_mib_per_s": 93.86770884305751,
      "write_seconds": 2.3469207599991933
    },
    {
      "cols": 200,
      "compression": "zstd",
      "disk_free_bytes": 6026254999552,
      "disk_total_bytes": 6347481849856,
      "disk_used_bytes": 1255145472,
      "file_bytes": 231001371,
      "full_read_mib_per_s": 693.1269252002107,
      "full_read_seconds": 0.31783511297544464,
      "job_id": "13708727",
      "projected_read_apparent_mib_per_s": 2463.6909293367457,
      "projected_read_seconds": 0.08941871399292722,
      "projection_cols": 50,
      "row_group_size_rows": 200000,
      "row_groups": 1,
      "rows": 200000,
      "target_dir": "/tmp/scratch/13708727/bsm_parquet_bench",
      "target_file": "/tmp/scratch/13708727/bsm_parquet_bench/parquet_bench_13708727.parquet",
      "target_row_group_mib": 512,
      "write_mib_per_s": 98.43536309417802,
      "write_seconds": 2.238017595023848
    }
  ]
}
