timestamp_utc=2026-05-12T17:27:45Z
job_id=13708728
partition=gpu-h100s
account=bsm
node=x3101c0s9b0n0
gpus=1
gpu_ids=2
cpus_per_task=4
mem_per_node=16384
tmpdir=/tmp/scratch/13708728

JobId=13708728 JobName=bsm-gpu-probe
   UserId=dhetting(120225) GroupId=dhetting(120225) MCS_label=N/A
   Priority=264578420 Nice=0 Account=bsm QOS=normal
   JobState=RUNNING Reason=None Dependency=(null)
   Requeue=0 Restarts=0 BatchFlag=1 Reboot=0 ExitCode=0:0
   RunTime=00:00:07 TimeLimit=00:10:00 TimeMin=N/A
   SubmitTime=2026-05-10T19:43:46 EligibleTime=2026-05-10T19:43:46
   AccrueTime=2026-05-10T19:43:46
   StartTime=2026-05-12T11:27:38 EndTime=2026-05-12T11:37:40 Deadline=N/A
   SuspendTime=None SecsPreSuspend=0 LastSchedEval=2026-05-12T11:27:38 Scheduler=Backfill
   Partition=gpu-h100s AllocNode:Sid=x3000c0s36b0n0-hsn0.hsn.cm.kestrel.hpc.nrel.gov:749330
   ReqNodeList=(null) ExcNodeList=(null)
   NodeList=x3101c0s9b0n0
   BatchHost=x3101c0s9b0n0
   NumNodes=1 NumCPUs=4 NumTasks=1 CPUs/Task=4 ReqB:S:C:T=0:0:*:*
   ReqTRES=cpu=4,mem=16G,node=1,billing=256,gres/gpu=1
   AllocTRES=cpu=4,mem=16G,node=1,billing=256,gres/gpu=1,gres/gpu:h100=1
   Socks/Node=* NtasksPerN:B:S:C=0:0:*:* CoreSpec=*
   MinCPUsNode=4 MinMemoryNode=16G MinTmpDiskNode=0
   Features=[hbw|not-hbw] DelayBoot=00:00:00
   OverSubscribe=OK Contiguous=0 Licenses=(null) LicensesAlloc=(null) Network=(null)
   Command=/home/dhetting/src/bsm-public-rf/scripts/artifacts/hpc_discovery/slurm_gpu_short_probe_job.sbatch
   WorkDir=/home/dhetting/src/bsm-public-rf/scripts
   StdErr=/home/dhetting/src/bsm-public-rf/scripts/artifacts/hpc_discovery/slurm_gpu_short_probe_13708728.err
   StdIn=/dev/null
   StdOut=/home/dhetting/src/bsm-public-rf/scripts/artifacts/hpc_discovery/slurm_gpu_short_probe_13708728.out
   Switches=1@2-00:00:00
   TresPerJob=gres/gpu:1
   TresPerTask=cpu=4
   

x3101c0s9b0n0
Architecture:        x86_64
CPU op-mode(s):      32-bit, 64-bit
Byte Order:          Little Endian
CPU(s):              128
On-line CPU(s) list: 0-127
Thread(s) per core:  1
Core(s) per socket:  64
Socket(s):           2
NUMA node(s):        4
Vendor ID:           AuthenticAMD
CPU family:          25
Model:               17
Model name:          AMD EPYC 9554 64-Core Processor
Stepping:            1
CPU MHz:             3100.000
CPU max MHz:         3762.9880
CPU min MHz:         1500.0000
BogoMIPS:            6190.48
Virtualization:      AMD-V
L1d cache:           32K
L1i cache:           32K
L2 cache:            1024K
L3 cache:            32768K
NUMA node0 CPU(s):   0-31
NUMA node1 CPU(s):   32-63
NUMA node2 CPU(s):   64-95
NUMA node3 CPU(s):   96-127
Flags:               fpu vme de pse tsc msr pae mce cx8 apic sep mtrr pge mca cmov pat pse36 clflush mmx fxsr sse sse2 ht syscall nx mmxext fxsr_opt pdpe1gb rdtscp lm constant_tsc rep_good nopl nonstop_tsc cpuid extd_apicid aperfmperf pni pclmulqdq monitor ssse3 fma cx16 pcid sse4_1 sse4_2 x2apic movbe popcnt aes xsave avx f16c rdrand lahf_lm cmp_legacy svm extapic cr8_legacy abm sse4a misalignsse 3dnowprefetch osvw ibs skinit wdt tce topoext perfctr_core perfctr_nb bpext perfctr_llc mwaitx cpb cat_l3 cdp_l3 invpcid_single hw_pstate ssbd mba perfmon_v2 ibrs ibpb stibp vmmcall fsgsbase bmi1 avx2 smep bmi2 erms invpcid cqm rdt_a avx512f avx512dq rdseed adx smap avx512ifma clflushopt clwb avx512cd sha_ni avx512bw avx512vl xsaveopt xsavec xgetbv1 xsaves cqm_llc cqm_occup_llc cqm_mbm_total cqm_mbm_local avx512_bf16 clzero irperf xsaveerptr wbnoinvd amd_ppin cppc arat npt lbrv svm_lock nrip_save tsc_scale vmcb_clean flushbyasid decodeassists pausefilter pfthreshold avic v_vmsave_vmload vgif v_spec_ctrl avx512vbmi umip pku ospke avx512_vbmi2 gfni vaes vpclmulqdq avx512_vnni avx512_bitalg avx512_vpopcntdq la57 rdpid overflow_recov succor smca fsrm flush_l1d
              total        used        free      shared  buff/cache   available
Mem:          1.5Ti       8.8Gi       1.5Ti        11Gi        13Gi       1.5Ti
Swap:            0B          0B          0B
Filesystem                                   Type    Size  Used Avail Use% Mounted on
/dev/sda                                     ext4     14T   60K   14T   1% /tmp/scratch
2586@kfi,2650@kfi:2651@kfi,2696@kfi:/scratch lustre   31P   18P   13P  59% /kfs3
2202@kfi,2266@kfi:2203@kfi,2267@kfi:/project lustre   62P   48P   14P  78% /kfs2
2202@kfi,2266@kfi:2203@kfi,2267@kfi:/project lustre   62P   48P   14P  78% /kfs2
devtmpfs on /dev type devtmpfs (rw,nosuid,noexec,size=792275736k,nr_inodes=198068934,mode=755)
tmpfs on /dev/shm type tmpfs (rw,nosuid,nodev,noexec)
tmpfs on / type tmpfs (rw,relatime,mpol=interleave:0-3)
tmpfs on /run type tmpfs (rw,nosuid,nodev,mode=755)
tmpfs on /sys/fs/cgroup type tmpfs (ro,nosuid,nodev,noexec,mode=755)
2202@kfi,2266@kfi:2203@kfi,2267@kfi:/project on /kfs2 type lustre (rw,checksum,flock,nouser_xattr,lruresize,lazystatfs,nouser_fid2path,verbose,encrypt)
2586@kfi,2650@kfi:2651@kfi,2696@kfi:/scratch on /kfs3 type lustre (rw,checksum,flock,nouser_xattr,lruresize,lazystatfs,nouser_fid2path,verbose,encrypt)
2138@kfi,2074@kfi:2139@kfi,2075@kfi:/kfs1/home on /home type lustre (rw,checksum,flock,nouser_xattr,lruresize,lazystatfs,nouser_fid2path,verbose,encrypt)
2138@kfi,2074@kfi:2139@kfi,2075@kfi:/kfs1/nopt on /nopt type lustre (rw,checksum,flock,nouser_xattr,lruresize,lazystatfs,nouser_fid2path,verbose,encrypt)
/dev/sda on /tmp/scratch type ext4 (rw,relatime,stripe=256)
### nvidia-smi
Tue May 12 11:27:46 2026       
+-----------------------------------------------------------------------------------------+
| NVIDIA-SMI 550.54.15              Driver Version: 550.54.15      CUDA Version: 12.4     |
|-----------------------------------------+------------------------+----------------------+
| GPU  Name                 Persistence-M | Bus-Id          Disp.A | Volatile Uncorr. ECC |
| Fan  Temp   Perf          Pwr:Usage/Cap |           Memory-Usage | GPU-Util  Compute M. |
|                                         |                        |               MIG M. |
|=========================================+========================+======================|
|   0  NVIDIA H100 80GB HBM3          On  |   00000000:84:00.0 Off |                    0 |
| N/A   41C    P0             74W /  699W |       0MiB /  81559MiB |      0%      Default |
|                                         |                        |             Disabled |
+-----------------------------------------+------------------------+----------------------+
                                                                                         
+-----------------------------------------------------------------------------------------+
| Processes:                                                                              |
|  GPU   GI   CI        PID   Type   Process name                              GPU Memory |
|        ID   ID                                                               Usage      |
|=========================================================================================|
|  No running processes found                                                             |
+-----------------------------------------------------------------------------------------+
### nvidia-smi query
Field "cuda_version" is not a valid field to query.

